// Jest Snapshot v1, https://goo.gl/fbAQLP

exports[`test renders learn react link 1`] = `
<input
  placeholder="text..."
  type="text"
/>
`;
